// Jest Snapshot v1, https://goo.gl/fbAQLP

exports[`Testing the BookmarksView component should render the component properly 1`] = `
ShallowWrapper {
  Symbol(enzyme.__root__): [Circular],
  Symbol(enzyme.__unrendered__): <BookmarksView
    getMyBookmarkedArticlesAction={
      [MockFunction] {
        "calls": Array [
          Array [
            null,
          ],
        ],
        "results": Array [
          Object {
            "isThrow": false,
            "value": undefined,
          },
        ],
      }
    }
    history={
      Object {
        "push": [Function],
      }
    }
    message="Bookmarks not found"
  />,
  Symbol(enzyme.__renderer__): Object {
    "batchedUpdates": [Function],
    "getNode": [Function],
    "render": [Function],
    "simulateError": [Function],
    "simulateEvent": [Function],
    "unmount": [Function],
  },
  Symbol(enzyme.__node__): Object {
    "instance": null,
    "key": undefined,
    "nodeType": "host",
    "props": Object {
      "children": "You don't have any bookmarks",
      "className": "d-flex justify-content-center",
      "style": Object {
        "marginTop": "20%",
      },
    },
    "ref": null,
    "rendered": "You don't have any bookmarks",
    "type": "h4",
  },
  Symbol(enzyme.__nodes__): Array [
    Object {
      "instance": null,
      "key": undefined,
      "nodeType": "host",
      "props": Object {
        "children": "You don't have any bookmarks",
        "className": "d-flex justify-content-center",
        "style": Object {
          "marginTop": "20%",
        },
      },
      "ref": null,
      "rendered": "You don't have any bookmarks",
      "type": "h4",
    },
  ],
  Symbol(enzyme.__options__): Object {
    "adapter": ReactSixteenAdapter {
      "options": Object {
        "enableComponentDidUpdateOnSetState": true,
        "lifecycles": Object {
          "componentDidUpdate": Object {
            "onSetState": true,
          },
          "getDerivedStateFromProps": true,
          "getSnapshotBeforeUpdate": true,
          "setState": Object {
            "skipsComponentDidUpdateOnNullish": true,
          },
        },
      },
    },
  },
}
`;
