// Jest Snapshot v1, https://goo.gl/fbAQLP

exports[`test ReplyBox view should  ReplyBox match the snapshot 1`] = `
ShallowWrapper {
  Symbol(enzyme.__root__): [Circular],
  Symbol(enzyme.__unrendered__): <ReplyBox
    CommentAction={[Function]}
    CommentEditAction={[Function]}
    ReplyPostAction={[Function]}
    art_slug=""
    childId={null}
    isEdit={true}
    parentId={null}
  />,
  Symbol(enzyme.__renderer__): Object {
    "batchedUpdates": [Function],
    "getNode": [Function],
    "render": [Function],
    "simulateError": [Function],
    "simulateEvent": [Function],
    "unmount": [Function],
  },
  Symbol(enzyme.__node__): Object {
    "instance": null,
    "key": undefined,
    "nodeType": "function",
    "props": Object {
      "childId": null,
      "onChange": [Function],
      "onSubmit": [Function],
      "onSubmitReply": [Function],
    },
    "ref": null,
    "rendered": null,
    "type": [Function],
  },
  Symbol(enzyme.__nodes__): Array [
    Object {
      "instance": null,
      "key": undefined,
      "nodeType": "function",
      "props": Object {
        "childId": null,
        "onChange": [Function],
        "onSubmit": [Function],
        "onSubmitReply": [Function],
      },
      "ref": null,
      "rendered": null,
      "type": [Function],
    },
  ],
  Symbol(enzyme.__options__): Object {
    "adapter": ReactSixteenAdapter {
      "options": Object {
        "enableComponentDidUpdateOnSetState": true,
        "lifecycles": Object {
          "componentDidUpdate": Object {
            "onSetState": true,
          },
          "getDerivedStateFromProps": true,
          "getSnapshotBeforeUpdate": true,
          "setState": Object {
            "skipsComponentDidUpdateOnNullish": true,
          },
        },
      },
    },
  },
}
`;

exports[`test ReplyBox view should test prototype of data 1`] = `
<ReplyBox
  CommentAction={[Function]}
  CommentEditAction={[Function]}
  ReplyPostAction={[Function]}
  childId={null}
  isEdit={false}
  mockSignUpFn={[MockFunction]}
  parentId={null}
  slug=""
/>
`;
